// Jest Snapshot v1, https://goo.gl/fbAQLP

exports[`renders correctly 1`] = `
<div
  className="css-view-1dbjc4n"
  style={
    Object {
      "WebkitAlignItems": "center",
      "WebkitBoxAlign": "center",
      "WebkitBoxPack": "center",
      "WebkitFlex": 1,
      "WebkitJustifyContent": "center",
      "alignItems": "center",
      "backgroundColor": "rgba(255,255,255,1.00)",
      "flex": 1,
      "height": "100%",
      "justifyContent": "center",
      "msFlex": "1 1 0%",
      "msFlexAlign": "center",
      "msFlexPack": "center",
      "width": "100%",
    }
  }
/>
`;
